<?xml version="1.0" encoding="UTF-8"?>
<feature id="org.jboss.tools.jmx.tests.feature.source" label="%featureName Source" version="1.2.0.qualifier" provider-name="%featureProvider">

   <description>
      %description
   </description>

   <copyright>
      %copyright
   </copyright>

   <license url="%licenseURL">
      %license
   </license>

   

   <!-- <plugin
         id="org.eclipse.ant.optional.junit"
         download-size="0"
         install-size="0"
         version="0.0.0"
         fragment="true"/>

   <plugin
         id="org.eclipse.test"
         download-size="0"
         install-size="0"
         version="0.0.0"/> -->

   <!-- <plugin
         id="org.jboss.tools.tests"
         download-size="0"
         install-size="0"
         version="0.0.0"/> --> 

   <plugin id="org.jboss.tools.jmx.core.test.source" download-size="0" install-size="0" version="0.0.0" unpack=""/>

   <!-- <plugin
         id="org.jboss.tools.jmx.core.test.source"
         download-size="0"
         install-size="0"
         version="0.0.0"/> -->

   <plugin id="org.jboss.tools.jmx.ui.test.source" download-size="0" install-size="0" version="0.0.0" unpack=""/>

   <!-- <plugin
         id="org.jboss.tools.jmx.ui.test.source"
         download-size="0"
         install-size="0"
         version="0.0.0"/> -->

</feature>
